// Vitest Snapshot v1, https://vitest.dev/guide/snapshot.html

exports[`HomeView.vue > matches snapshot 1`] = `
<div>
  <div>
    <header
      class="sticky top-0 bg-white py-6 -mt-8 mb-8 flex flex-col gap-4 shadow-md z-1"
    >
      <h1
        class="text-3xl font-bold text-gray-900 md:text-left md:ml-5 text-center"
      >
        TV Maze
      </h1>
      <div
        class="md:flex items-center gap-16 w-full px-5 block"
      >
        <div
          class="flex align-center gap-6 rounded-md border-transparent px-4 py-2 md:w-[60%] max-w-full bg-gray-100 width-full"
          role="search"
        >
          
          <svg
            aria-hidden="true"
            class="w-8 h-8 flex-none basis-5"
            data-slot="icon"
            fill="none"
            stroke="currentColor"
            stroke-width="1.5"
            viewBox="0 0 24 24"
            xmlns="http://www.w3.org/2000/svg"
          >
            <path
              d="m21 21-5.197-5.197m0 0A7.5 7.5 0 1 0 5.196 5.196a7.5 7.5 0 0 0 10.607 10.607Z"
              stroke-linecap="round"
              stroke-linejoin="round"
            />
          </svg>
          
          <input
            class="border-none outline-none bg-transparent w-full text-base text-gray-900 p-0 leading-none"
            name="search-input"
            placeholder="Search for TV shows..."
            type="text"
            value=""
          />
        </div>
        <div
          class="relative inline-flex items-center bg-gray-100 rounded-lg px-3 md:min-w-[200px] float-right mt-5 md:mt-0"
        >
          <select
            class="appearance-none bg-transparent border-none py-2.5 text-sm text-gray-900 w-full cursor-pointer font-medium"
            name="select-sort"
            value="rating-desc"
          >
            
            <option
              value="rating-desc"
            >
              Rating: High to Low
            </option>
            <option
              value="rating-asc"
            >
              Rating: Low to High
            </option>
            
          </select>
          <svg
            aria-hidden="true"
            class="w-4 h-4 text-gray-500 ml-2 shrink-0 pointer-events-none"
            data-slot="icon"
            fill="none"
            stroke="currentColor"
            stroke-width="1.5"
            viewBox="0 0 24 24"
            xmlns="http://www.w3.org/2000/svg"
          >
            <path
              d="m19.5 8.25-7.5 7.5-7.5-7.5"
              stroke-linecap="round"
              stroke-linejoin="round"
            />
          </svg>
        </div>
      </div>
    </header>
    <div
      class="pl-10 mt-15"
    >
      
      
      
      
      <section>
        <div
          class="flex items-center gap-2 mb-4 align-middle"
        >
          <h2
            class="text-xl font-bold text-gray-900 m-0"
          >
            Music
          </h2>
          <svg
            aria-hidden="true"
            class="w-5 h-5 text-gray-600 relative top-1/2"
            data-slot="icon"
            fill="none"
            stroke="currentColor"
            stroke-width="1.5"
            viewBox="0 0 24 24"
            xmlns="http://www.w3.org/2000/svg"
          >
            <path
              d="M13.5 4.5 21 12m0 0-7.5 7.5M21 12H3"
              stroke-linecap="round"
              stroke-linejoin="round"
            />
          </svg>
        </div>
        <div
          class="flex gap-5 overflow-x-auto pb-4 align-stretch max-w-[94%]"
          role="list"
        >
          
          <div
            class="flex flex-col gap-2 mb-5"
          >
            <router-link-stub
              ariacurrentvalue="page"
              class="hover:-translate-y-1 transform transition"
              custom="false"
              replace="false"
              to="[object Object]"
              viewtransition="false"
            />
            <h3
              class="text-base font-medium mt-2 mb-0 text-gray-800 text-left px-2 overflow-hidden"
            >
              Nashville
            </h3>
          </div>
          <div
            class="flex flex-col gap-2 mb-5"
          >
            <router-link-stub
              ariacurrentvalue="page"
              class="hover:-translate-y-1 transform transition"
              custom="false"
              replace="false"
              to="[object Object]"
              viewtransition="false"
            />
            <h3
              class="text-base font-medium mt-2 mb-0 text-gray-800 text-left px-2 overflow-hidden"
            >
              Glee
            </h3>
          </div>
          
        </div>
      </section>
      
      
      
      
    </div>
  </div>
</div>
`;
